// Jest Snapshot v1, https://goo.gl/fbAQLP

exports[`should render the home page 1`] = `
<div>
  <main
    class="min-h-screen grid grid-cols-4 grid-rows-3"
  >
    <h1
      class="text-white font-black text-5xl row-start-1 row-span-3 col-start-1 col-span-4 bg-black p-5 home-back"
    >
      mmmuscles
    </h1>
    <section
      class="m-8 p-10 bg-white bg-opacity-80 row-start-1 row-span-2 col-start-3 col-span-2 text-slate-600 flex items-top rounded"
    >
      <article
        class=""
      >
        <p>
          <b>
            mmmuscles
          </b>
           is an awesome and flexible fitness manager. Schedule your day with a simple to use calendar. Select your workouts from a comprehensive and complete list of exercises. Simple to view, simple to use, made by simple people for simple people.
        </p>
        <br />
        <p>
          Create an account today and start your journey to fitness nirvana.
        </p>
        <br />
        <p>
          Mmm, so great!
        </p>
      </article>
    </section>
    <section
      class="m-8 p-10 row-start-2 row-span-1 col-start-3 col-span-2 flex flex-col text-yellow-600 text-sm font-medium justify-center"
    >
      <span>
        daily view
      </span>
      <img
        alt="day_view"
        src="workoutpage.png"
        width="250"
      />
    </section>
    <section
      class="m-8 row-start-3 col-start-1 col-span-4 flex justify-center"
    >
      <div
        class="footie"
      >
        <div
          class="flex"
        >
          <form
            class="flex px-6 mx-6"
          >
            <fieldset>
              <label
                for="email"
              >
                email 
              </label>
              <input
                class="text-black rounded-sm opacity-70 my-1 mr-6 pl-1"
                id="email"
                placeholder="Your email"
                required=""
                type="email"
                value=""
              />
              <label
                for="password"
              >
                password 
              </label>
              <input
                class="text-black rounded-sm opacity-70 my-1 pl-1"
                id="password"
                placeholder="Your password"
                required=""
                type="password"
                value=""
              />
              <button
                class="bg-blue-500 hover:bg-blue-700 text-white font-bold py-1 px-4 mx-6 rounded"
                type="submit"
              >
                SignIn!
              </button>
            </fieldset>
          </form>
           
          <button
            class="bg-slate-700 opacity-90 hover:bg-blue-700 text-white font-bold py-1 px-4 rounded m-15"
          >
            Need to Sign Up?
          </button>
        </div>
      </div>
    </section>
  </main>
</div>
`;
