// Jest Snapshot v1, https://goo.gl/fbAQLP

exports[`Header component test renders the top nav header 1`] = `
<div>
  <div
    class="footie"
  >
    <div
      class="flex"
    >
      <form
        class="flex px-6 mx-6"
      >
        <fieldset>
          <label
            for="email"
          >
            email 
          </label>
          <input
            class="text-black rounded-sm opacity-70 my-1 mr-6 pl-1"
            id="email"
            placeholder="Your email"
            required=""
            type="email"
            value=""
          />
          <label
            for="password"
          >
            password 
          </label>
          <input
            class="text-black rounded-sm opacity-70 my-1 pl-1"
            id="password"
            placeholder="Your password"
            required=""
            type="password"
            value=""
          />
          <button
            class="bg-blue-500 hover:bg-blue-700 text-white font-bold py-1 px-4 mx-6 rounded"
            type="submit"
          >
            SignIn!
          </button>
        </fieldset>
      </form>
       
      <button
        class="bg-slate-700 opacity-90 hover:bg-blue-700 text-white font-bold py-1 px-4 rounded m-15"
      >
        Need to Sign Up?
      </button>
    </div>
  </div>
</div>
`;
